// Jest Snapshot v1, https://goo.gl/fbAQLP

exports[`NavSidebar renders 1`] = `null`;
